// Jest Snapshot v1, https://goo.gl/fbAQLP

exports[`Testing Admin Dashboard renders correctly 1`] = `
<div
  className="main-container"
>
  <AdminDashboardLayout />
</div>
`;
