// Jest Snapshot v1, https://goo.gl/fbAQLP

exports[`Testing Dashboard route renders correctly 1`] = `
<div
  className="main-container"
>
  <DashboardLayout />
</div>
`;
