// Jest Snapshot v1, https://goo.gl/fbAQLP

exports[`Testing HomePage route renders correctly 1`] = `
<div>
  <Body />
  <Main />
</div>
`;
